azwus2f200000C6:75433:77783 [2] NCCL INFO Trees [0] 3/-1/-1->2->1 [1] 3/-1/-1->2->1 [2] 3/-1/-1->2->1 [3] 3/-1/-1->2->1 [4] 3/-1/-1->2->1 [5] 3/-1/-1->2->1 [6] 3/-1/-1->2->1 [7] 3/-1/-1->2->1 [8] 3/-1/-1->2->1 [9] 3/-1/-1->2->1 [10] 3/-1/-1->2->1 [11] 3/-1/-1->2->1 [12] 3/-1/-1->2->1 [13] 3/-1/-1->2->1 [14] 3/-1/-1->2->1 [15] 3/-1/-1->2->1 [16] 3/-1/-1->2->1 [17] 3/-1/-1->2->1 [18] 3/-1/-1->2->1 [19] 3/-1/-1->2->1 [20] 3/-1/-1->2->1 [21] 3/-1/-1->2->1 [22] 3/-1/-1->2->1 [23] 3/-1/-1->2->1
azwus2f200000C6:75431:77780 [0] NCCL INFO Channel 13/24 :    0   1   2   3   4   5   6   7
azwus2f200000C6:75431:77780 [0] NCCL INFO Channel 14/24 :    0   1   2   3   4   5   6   7
azwus2f200000C6:75431:77780 [0] NCCL INFO Channel 15/24 :    0   1   2   3   4   5   6   7
azwus2f200000C6:75432:77785 [1] NCCL INFO Trees [0] 2/-1/-1->1->0 [1] 2/-1/-1->1->0 [2] 2/-1/-1->1->0 [3] 2/-1/-1->1->0 [4] 2/-1/-1->1->0 [5] 2/-1/-1->1->0 [6] 2/-1/-1->1->0 [7] 2/-1/-1->1->0 [8] 2/-1/-1->1->0 [9] 2/-1/-1->1->0 [10] 2/-1/-1->1->0 [11] 2/-1/-1->1->0 [12] 2/-1/-1->1->0 [13] 2/-1/-1->1->0 [14] 2/-1/-1->1->0 [15] 2/-1/-1->1->0 [16] 2/-1/-1->1->0 [17] 2/-1/-1->1->0 [18] 2/-1/-1->1->0 [19] 2/-1/-1->1->0 [20] 2/-1/-1->1->0 [21] 2/-1/-1->1->0 [22] 2/-1/-1->1->0 [23] 2/-1/-1->1->0
azwus2f200000C6:75433:77783 [2] NCCL INFO Setting affinity for GPU 2 to ffff,0000ffff
azwus2f200000C6:75431:77780 [0] NCCL INFO Channel 16/24 :    0   1   2   3   4   5   6   7
azwus2f200000C6:75431:77780 [0] NCCL INFO Channel 17/24 :    0   1   2   3   4   5   6   7
azwus2f200000C6:75431:77780 [0] NCCL INFO Channel 18/24 :    0   1   2   3   4   5   6   7
azwus2f200000C6:75435:77786 [3] NCCL INFO Trees [0] 4/-1/-1->3->2 [1] 4/-1/-1->3->2 [2] 4/-1/-1->3->2 [3] 4/-1/-1->3->2 [4] 4/-1/-1->3->2 [5] 4/-1/-1->3->2 [6] 4/-1/-1->3->2 [7] 4/-1/-1->3->2 [8] 4/-1/-1->3->2 [9] 4/-1/-1->3->2 [10] 4/-1/-1->3->2 [11] 4/-1/-1->3->2 [12] 4/-1/-1->3->2 [13] 4/-1/-1->3->2 [14] 4/-1/-1->3->2 [15] 4/-1/-1->3->2 [16] 4/-1/-1->3->2 [17] 4/-1/-1->3->2 [18] 4/-1/-1->3->2 [19] 4/-1/-1->3->2 [20] 4/-1/-1->3->2 [21] 4/-1/-1->3->2 [22] 4/-1/-1->3->2 [23] 4/-1/-1->3->2
azwus2f200000C6:75431:77780 [0] NCCL INFO Channel 19/24 :    0   1   2   3   4   5   6   7
azwus2f200000C6:75432:77785 [1] NCCL INFO Setting affinity for GPU 1 to ffff,0000ffff
azwus2f200000C6:75437:77784 [4] NCCL INFO Trees [0] 5/-1/-1->4->3 [1] 5/-1/-1->4->3 [2] 5/-1/-1->4->3 [3] 5/-1/-1->4->3 [4] 5/-1/-1->4->3 [5] 5/-1/-1->4->3 [6] 5/-1/-1->4->3 [7] 5/-1/-1->4->3 [8] 5/-1/-1->4->3 [9] 5/-1/-1->4->3 [10] 5/-1/-1->4->3 [11] 5/-1/-1->4->3 [12] 5/-1/-1->4->3 [13] 5/-1/-1->4->3 [14] 5/-1/-1->4->3 [15] 5/-1/-1->4->3 [16] 5/-1/-1->4->3 [17] 5/-1/-1->4->3 [18] 5/-1/-1->4->3 [19] 5/-1/-1->4->3 [20] 5/-1/-1->4->3 [21] 5/-1/-1->4->3 [22] 5/-1/-1->4->3 [23] 5/-1/-1->4->3
azwus2f200000C6:75431:77780 [0] NCCL INFO Channel 20/24 :    0   1   2   3   4   5   6   7
azwus2f200000C6:75435:77786 [3] NCCL INFO Setting affinity for GPU 3 to ffff,0000ffff
azwus2f200000C6:75431:77780 [0] NCCL INFO Channel 21/24 :    0   1   2   3   4   5   6   7
azwus2f200000C6:75437:77784 [4] NCCL INFO Setting affinity for GPU 4 to ffff,0000ffff
azwus2f200000C6:75439:77781 [5] NCCL INFO Trees [0] 6/-1/-1->5->4 [1] 6/-1/-1->5->4 [2] 6/-1/-1->5->4 [3] 6/-1/-1->5->4 [4] 6/-1/-1->5->4 [5] 6/-1/-1->5->4 [6] 6/-1/-1->5->4 [7] 6/-1/-1->5->4 [8] 6/-1/-1->5->4 [9] 6/-1/-1->5->4 [10] 6/-1/-1->5->4 [11] 6/-1/-1->5->4 [12] 6/-1/-1->5->4 [13] 6/-1/-1->5->4 [14] 6/-1/-1->5->4 [15] 6/-1/-1->5->4 [16] 6/-1/-1->5->4 [17] 6/-1/-1->5->4 [18] 6/-1/-1->5->4 [19] 6/-1/-1->5->4 [20] 6/-1/-1->5->4 [21] 6/-1/-1->5->4 [22] 6/-1/-1->5->4 [23] 6/-1/-1->5->4
azwus2f200000C6:75431:77780 [0] NCCL INFO Channel 22/24 :    0   1   2   3   4   5   6   7
azwus2f200000C6:75431:77780 [0] NCCL INFO Channel 23/24 :    0   1   2   3   4   5   6   7
azwus2f200000C6:75441:77787 [6] NCCL INFO Trees [0] 7/-1/-1->6->5 [1] 7/-1/-1->6->5 [2] 7/-1/-1->6->5 [3] 7/-1/-1->6->5 [4] 7/-1/-1->6->5 [5] 7/-1/-1->6->5 [6] 7/-1/-1->6->5 [7] 7/-1/-1->6->5 [8] 7/-1/-1->6->5 [9] 7/-1/-1->6->5 [10] 7/-1/-1->6->5 [11] 7/-1/-1->6->5 [12] 7/-1/-1->6->5 [13] 7/-1/-1->6->5 [14] 7/-1/-1->6->5 [15] 7/-1/-1->6->5 [16] 7/-1/-1->6->5 [17] 7/-1/-1->6->5 [18] 7/-1/-1->6->5 [19] 7/-1/-1->6->5 [20] 7/-1/-1->6->5 [21] 7/-1/-1->6->5 [22] 7/-1/-1->6->5 [23] 7/-1/-1->6->5
azwus2f200000C6:75439:77781 [5] NCCL INFO Setting affinity for GPU 5 to ffff,0000ffff
azwus2f200000C6:75431:77780 [0] NCCL INFO Trees [0] 1/-1/-1->0->-1 [1] 1/-1/-1->0->-1 [2] 1/-1/-1->0->-1 [3] 1/-1/-1->0->-1 [4] 1/-1/-1->0->-1 [5] 1/-1/-1->0->-1 [6] 1/-1/-1->0->-1 [7] 1/-1/-1->0->-1 [8] 1/-1/-1->0->-1 [9] 1/-1/-1->0->-1 [10] 1/-1/-1->0->-1 [11] 1/-1/-1->0->-1 [12] 1/-1/-1->0->-1 [13] 1/-1/-1->0->-1 [14] 1/-1/-1->0->-1 [15] 1/-1/-1->0->-1 [16] 1/-1/-1->0->-1 [17] 1/-1/-1->0->-1 [18] 1/-1/-1->0->-1 [19] 1/-1/-1->0->-1 [20] 1/-1/-1->0->-1 [21] 1/-1/-1->0->-1 [22] 1/-1/-1->0->-1 [23] 1/-1/-1->0->-1
azwus2f200000C6:75431:77780 [0] NCCL INFO Setting affinity for GPU 0 to ffff,0000ffff
azwus2f200000C6:75441:77787 [6] NCCL INFO Setting affinity for GPU 6 to ffff,0000ffff
azwus2f200000C6:75443:77782 [7] NCCL INFO Channel 00 : 7[e00000] -> 0[100000] via P2P/IPC/read
azwus2f200000C6:75443:77782 [7] NCCL INFO Channel 01 : 7[e00000] -> 0[100000] via P2P/IPC/read
azwus2f200000C6:75443:77782 [7] NCCL INFO Channel 02 : 7[e00000] -> 0[100000] via P2P/IPC/read
azwus2f200000C6:75433:77783 [2] NCCL INFO Channel 00 : 2[300000] -> 3[400000] via P2P/IPC/read
azwus2f200000C6:75443:77782 [7] NCCL INFO Channel 03 : 7[e00000] -> 0[100000] via P2P/IPC/read
azwus2f200000C6:75439:77781 [5] NCCL INFO Channel 00 : 5[c00000] -> 6[d00000] via P2P/IPC/read
azwus2f200000C6:75435:77786 [3] NCCL INFO Channel 00 : 3[400000] -> 4[b00000] via P2P/IPC/read
azwus2f200000C6:75433:77783 [2] NCCL INFO Channel 01 : 2[300000] -> 3[400000] via P2P/IPC/read
azwus2f200000C6:75443:77782 [7] NCCL INFO Channel 04 : 7[e00000] -> 0[100000] via P2P/IPC/read
azwus2f200000C6:75439:77781 [5] NCCL INFO Channel 01 : 5[c00000] -> 6[d00000] via P2P/IPC/read
azwus2f200000C6:75441:77787 [6] NCCL INFO Channel 00 : 6[d00000] -> 7[e00000] via P2P/IPC/read
azwus2f200000C6:75431:77780 [0] NCCL INFO Channel 00 : 0[100000] -> 1[200000] via P2P/IPC/read
azwus2f200000C6:75432:77785 [1] NCCL INFO Channel 00 : 1[200000] -> 2[300000] via P2P/IPC/read
azwus2f200000C6:75435:77786 [3] NCCL INFO Channel 01 : 3[400000] -> 4[b00000] via P2P/IPC/read
azwus2f200000C6:75433:77783 [2] NCCL INFO Channel 02 : 2[300000] -> 3[400000] via P2P/IPC/read
azwus2f200000C6:75443:77782 [7] NCCL INFO Channel 05 : 7[e00000] -> 0[100000] via P2P/IPC/read
azwus2f200000C6:75439:77781 [5] NCCL INFO Channel 02 : 5[c00000] -> 6[d00000] via P2P/IPC/read
azwus2f200000C6:75441:77787 [6] NCCL INFO Channel 01 : 6[d00000] -> 7[e00000] via P2P/IPC/read
azwus2f200000C6:75431:77780 [0] NCCL INFO Channel 01 : 0[100000] -> 1[200000] via P2P/IPC/read
azwus2f200000C6:75432:77785 [1] NCCL INFO Channel 01 : 1[200000] -> 2[300000] via P2P/IPC/read
azwus2f200000C6:75437:77784 [4] NCCL INFO Channel 00 : 4[b00000] -> 5[c00000] via P2P/IPC/read
azwus2f200000C6:75435:77786 [3] NCCL INFO Channel 02 : 3[400000] -> 4[b00000] via P2P/IPC/read
azwus2f200000C6:75433:77783 [2] NCCL INFO Channel 03 : 2[300000] -> 3[400000] via P2P/IPC/read
azwus2f200000C6:75443:77782 [7] NCCL INFO Channel 06 : 7[e00000] -> 0[100000] via P2P/IPC/read
azwus2f200000C6:75439:77781 [5] NCCL INFO Channel 03 : 5[c00000] -> 6[d00000] via P2P/IPC/read
azwus2f200000C6:75441:77787 [6] NCCL INFO Channel 02 : 6[d00000] -> 7[e00000] via P2P/IPC/read
azwus2f200000C6:75431:77780 [0] NCCL INFO Channel 02 : 0[100000] -> 1[200000] via P2P/IPC/read
azwus2f200000C6:75432:77785 [1] NCCL INFO Channel 02 : 1[200000] -> 2[300000] via P2P/IPC/read
azwus2f200000C6:75437:77784 [4] NCCL INFO Channel 01 : 4[b00000] -> 5[c00000] via P2P/IPC/read
azwus2f200000C6:75435:77786 [3] NCCL INFO Channel 03 : 3[400000] -> 4[b00000] via P2P/IPC/read
azwus2f200000C6:75433:77783 [2] NCCL INFO Channel 04 : 2[300000] -> 3[400000] via P2P/IPC/read
azwus2f200000C6:75443:77782 [7] NCCL INFO Channel 07 : 7[e00000] -> 0[100000] via P2P/IPC/read
azwus2f200000C6:75441:77787 [6] NCCL INFO Channel 03 : 6[d00000] -> 7[e00000] via P2P/IPC/read
azwus2f200000C6:75439:77781 [5] NCCL INFO Channel 04 : 5[c00000] -> 6[d00000] via P2P/IPC/read
azwus2f200000C6:75432:77785 [1] NCCL INFO Channel 03 : 1[200000] -> 2[300000] via P2P/IPC/read
azwus2f200000C6:75437:77784 [4] NCCL INFO Channel 02 : 4[b00000] -> 5[c00000] via P2P/IPC/read
azwus2f200000C6:75431:77780 [0] NCCL INFO Channel 03 : 0[100000] -> 1[200000] via P2P/IPC/read
azwus2f200000C6:75433:77783 [2] NCCL INFO Channel 05 : 2[300000] -> 3[400000] via P2P/IPC/read
azwus2f200000C6:75435:77786 [3] NCCL INFO Channel 04 : 3[400000] -> 4[b00000] via P2P/IPC/read
azwus2f200000C6:75443:77782 [7] NCCL INFO Channel 08 : 7[e00000] -> 0[100000] via P2P/IPC/read
azwus2f200000C6:75441:77787 [6] NCCL INFO Channel 04 : 6[d00000] -> 7[e00000] via P2P/IPC/read
azwus2f200000C6:75439:77781 [5] NCCL INFO Channel 05 : 5[c00000] -> 6[d00000] via P2P/IPC/read
azwus2f200000C6:75432:77785 [1] NCCL INFO Channel 04 : 1[200000] -> 2[300000] via P2P/IPC/read
azwus2f200000C6:75437:77784 [4] NCCL INFO Channel 03 : 4[b00000] -> 5[c00000] via P2P/IPC/read
azwus2f200000C6:75431:77780 [0] NCCL INFO Channel 04 : 0[100000] -> 1[200000] via P2P/IPC/read
azwus2f200000C6:75433:77783 [2] NCCL INFO Channel 06 : 2[300000] -> 3[400000] via P2P/IPC/read
azwus2f200000C6:75435:77786 [3] NCCL INFO Channel 05 : 3[400000] -> 4[b00000] via P2P/IPC/read
azwus2f200000C6:75443:77782 [7] NCCL INFO Channel 09 : 7[e00000] -> 0[100000] via P2P/IPC/read
azwus2f200000C6:75441:77787 [6] NCCL INFO Channel 05 : 6[d00000] -> 7[e00000] via P2P/IPC/read
azwus2f200000C6:75439:77781 [5] NCCL INFO Channel 06 : 5[c00000] -> 6[d00000] via P2P/IPC/read
azwus2f200000C6:75432:77785 [1] NCCL INFO Channel 05 : 1[200000] -> 2[300000] via P2P/IPC/read
azwus2f200000C6:75431:77780 [0] NCCL INFO Channel 05 : 0[100000] -> 1[200000] via P2P/IPC/read
azwus2f200000C6:75437:77784 [4] NCCL INFO Channel 04 : 4[b00000] -> 5[c00000] via P2P/IPC/read
azwus2f200000C6:75433:77783 [2] NCCL INFO Channel 07 : 2[300000] -> 3[400000] via P2P/IPC/read
azwus2f200000C6:75435:77786 [3] NCCL INFO Channel 06 : 3[400000] -> 4[b00000] via P2P/IPC/read
azwus2f200000C6:75443:77782 [7] NCCL INFO Channel 10 : 7[e00000] -> 0[100000] via P2P/IPC/read
azwus2f200000C6:75441:77787 [6] NCCL INFO Channel 06 : 6[d00000] -> 7[e00000] via P2P/IPC/read
azwus2f200000C6:75439:77781 [5] NCCL INFO Channel 07 : 5[c00000] -> 6[d00000] via P2P/IPC/read
azwus2f200000C6:75431:77780 [0] NCCL INFO Channel 06 : 0[100000] -> 1[200000] via P2P/IPC/read
azwus2f200000C6:75437:77784 [4] NCCL INFO Channel 05 : 4[b00000] -> 5[c00000] via P2P/IPC/read
azwus2f200000C6:75432:77785 [1] NCCL INFO Channel 06 : 1[200000] -> 2[300000] via P2P/IPC/read
azwus2f200000C6:75433:77783 [2] NCCL INFO Channel 08 : 2[300000] -> 3[400000] via P2P/IPC/read
azwus2f200000C6:75435:77786 [3] NCCL INFO Channel 07 : 3[400000] -> 4[b00000] via P2P/IPC/read
azwus2f200000C6:75443:77782 [7] NCCL INFO Channel 11 : 7[e00000] -> 0[100000] via P2P/IPC/read
azwus2f200000C6:75435:77786 [3] NCCL INFO Channel 08 : 3[400000] -> 4[b00000] via P2P/IPC/read
azwus2f200000C6:75433:77783 [2] NCCL INFO Channel 09 : 2[300000] -> 3[400000] via P2P/IPC/read
azwus2f200000C6:75441:77787 [6] NCCL INFO Channel 07 : 6[d00000] -> 7[e00000] via P2P/IPC/read
azwus2f200000C6:75431:77780 [0] NCCL INFO Channel 07 : 0[100000] -> 1[200000] via P2P/IPC/read
azwus2f200000C6:75439:77781 [5] NCCL INFO Channel 08 : 5[c00000] -> 6[d00000] via P2P/IPC/read
azwus2f200000C6:75437:77784 [4] NCCL INFO Channel 06 : 4[b00000] -> 5[c00000] via P2P/IPC/read
azwus2f200000C6:75432:77785 [1] NCCL INFO Channel 07 : 1[200000] -> 2[300000] via P2P/IPC/read
azwus2f200000C6:75433:77783 [2] NCCL INFO Channel 10 : 2[300000] -> 3[400000] via P2P/IPC/read
azwus2f200000C6:75443:77782 [7] NCCL INFO Channel 12 : 7[e00000] -> 0[100000] via P2P/IPC/read
azwus2f200000C6:75441:77787 [6] NCCL INFO Channel 08 : 6[d00000] -> 7[e00000] via P2P/IPC/read
azwus2f200000C6:75435:77786 [3] NCCL INFO Channel 09 : 3[400000] -> 4[b00000] via P2P/IPC/read
azwus2f200000C6:75431:77780 [0] NCCL INFO Channel 08 : 0[100000] -> 1[200000] via P2P/IPC/read
azwus2f200000C6:75437:77784 [4] NCCL INFO Channel 07 : 4[b00000] -> 5[c00000] via P2P/IPC/read
azwus2f200000C6:75432:77785 [1] NCCL INFO Channel 08 : 1[200000] -> 2[300000] via P2P/IPC/read
azwus2f200000C6:75439:77781 [5] NCCL INFO Channel 09 : 5[c00000] -> 6[d00000] via P2P/IPC/read
azwus2f200000C6:75433:77783 [2] NCCL INFO Channel 11 : 2[300000] -> 3[400000] via P2P/IPC/read
azwus2f200000C6:75435:77786 [3] NCCL INFO Channel 10 : 3[400000] -> 4[b00000] via P2P/IPC/read
azwus2f200000C6:75443:77782 [7] NCCL INFO Channel 13 : 7[e00000] -> 0[100000] via P2P/IPC/read
azwus2f200000C6:75431:77780 [0] NCCL INFO Channel 09 : 0[100000] -> 1[200000] via P2P/IPC/read
azwus2f200000C6:75441:77787 [6] NCCL INFO Channel 09 : 6[d00000] -> 7[e00000] via P2P/IPC/read
azwus2f200000C6:75437:77784 [4] NCCL INFO Channel 08 : 4[b00000] -> 5[c00000] via P2P/IPC/read
azwus2f200000C6:75439:77781 [5] NCCL INFO Channel 10 : 5[c00000] -> 6[d00000] via P2P/IPC/read
azwus2f200000C6:75432:77785 [1] NCCL INFO Channel 09 : 1[200000] -> 2[300000] via P2P/IPC/read
azwus2f200000C6:75433:77783 [2] NCCL INFO Channel 12 : 2[300000] -> 3[400000] via P2P/IPC/read
azwus2f200000C6:75443:77782 [7] NCCL INFO Channel 14 : 7[e00000] -> 0[100000] via P2P/IPC/read
azwus2f200000C6:75435:77786 [3] NCCL INFO Channel 11 : 3[400000] -> 4[b00000] via P2P/IPC/read
azwus2f200000C6:75431:77780 [0] NCCL INFO Channel 10 : 0[100000] -> 1[200000] via P2P/IPC/read
azwus2f200000C6:75441:77787 [6] NCCL INFO Channel 10 : 6[d00000] -> 7[e00000] via P2P/IPC/read
azwus2f200000C6:75437:77784 [4] NCCL INFO Channel 09 : 4[b00000] -> 5[c00000] via P2P/IPC/read
azwus2f200000C6:75432:77785 [1] NCCL INFO Channel 10 : 1[200000] -> 2[300000] via P2P/IPC/read
azwus2f200000C6:75439:77781 [5] NCCL INFO Channel 11 : 5[c00000] -> 6[d00000] via P2P/IPC/read
azwus2f200000C6:75433:77783 [2] NCCL INFO Channel 13 : 2[300000] -> 3[400000] via P2P/IPC/read
azwus2f200000C6:75443:77782 [7] NCCL INFO Channel 15 : 7[e00000] -> 0[100000] via P2P/IPC/read
azwus2f200000C6:75435:77786 [3] NCCL INFO Channel 12 : 3[400000] -> 4[b00000] via P2P/IPC/read
azwus2f200000C6:75431:77780 [0] NCCL INFO Channel 11 : 0[100000] -> 1[200000] via P2P/IPC/read
azwus2f200000C6:75437:77784 [4] NCCL INFO Channel 10 : 4[b00000] -> 5[c00000] via P2P/IPC/read
azwus2f200000C6:75441:77787 [6] NCCL INFO Channel 11 : 6[d00000] -> 7[e00000] via P2P/IPC/read
azwus2f200000C6:75432:77785 [1] NCCL INFO Channel 11 : 1[200000] -> 2[300000] via P2P/IPC/read
azwus2f200000C6:75439:77781 [5] NCCL INFO Channel 12 : 5[c00000] -> 6[d00000] via P2P/IPC/read
azwus2f200000C6:75433:77783 [2] NCCL INFO Channel 14 : 2[300000] -> 3[400000] via P2P/IPC/read
azwus2f200000C6:75443:77782 [7] NCCL INFO Channel 16 : 7[e00000] -> 0[100000] via P2P/IPC/read
azwus2f200000C6:75435:77786 [3] NCCL INFO Channel 13 : 3[400000] -> 4[b00000] via P2P/IPC/read
azwus2f200000C6:75431:77780 [0] NCCL INFO Channel 12 : 0[100000] -> 1[200000] via P2P/IPC/read
azwus2f200000C6:75441:77787 [6] NCCL INFO Channel 12 : 6[d00000] -> 7[e00000] via P2P/IPC/read
azwus2f200000C6:75437:77784 [4] NCCL INFO Channel 11 : 4[b00000] -> 5[c00000] via P2P/IPC/read
azwus2f200000C6:75432:77785 [1] NCCL INFO Channel 12 : 1[200000] -> 2[300000] via P2P/IPC/read
azwus2f200000C6:75439:77781 [5] NCCL INFO Channel 13 : 5[c00000] -> 6[d00000] via P2P/IPC/read
azwus2f200000C6:75433:77783 [2] NCCL INFO Channel 15 : 2[300000] -> 3[400000] via P2P/IPC/read
azwus2f200000C6:75443:77782 [7] NCCL INFO Channel 17 : 7[e00000] -> 0[100000] via P2P/IPC/read
azwus2f200000C6:75435:77786 [3] NCCL INFO Channel 14 : 3[400000] -> 4[b00000] via P2P/IPC/read
azwus2f200000C6:75441:77787 [6] NCCL INFO Channel 13 : 6[d00000] -> 7[e00000] via P2P/IPC/read
azwus2f200000C6:75431:77780 [0] NCCL INFO Channel 13 : 0[100000] -> 1[200000] via P2P/IPC/read
azwus2f200000C6:75437:77784 [4] NCCL INFO Channel 12 : 4[b00000] -> 5[c00000] via P2P/IPC/read
azwus2f200000C6:75432:77785 [1] NCCL INFO Channel 13 : 1[200000] -> 2[300000] via P2P/IPC/read
azwus2f200000C6:75433:77783 [2] NCCL INFO Channel 16 : 2[300000] -> 3[400000] via P2P/IPC/read
azwus2f200000C6:75439:77781 [5] NCCL INFO Channel 14 : 5[c00000] -> 6[d00000] via P2P/IPC/read
azwus2f200000C6:75435:77786 [3] NCCL INFO Channel 15 : 3[400000] -> 4[b00000] via P2P/IPC/read
azwus2f200000C6:75443:77782 [7] NCCL INFO Channel 18 : 7[e00000] -> 0[100000] via P2P/IPC/read
azwus2f200000C6:75431:77780 [0] NCCL INFO Channel 14 : 0[100000] -> 1[200000] via P2P/IPC/read
azwus2f200000C6:75441:77787 [6] NCCL INFO Channel 14 : 6[d00000] -> 7[e00000] via P2P/IPC/read
azwus2f200000C6:75437:77784 [4] NCCL INFO Channel 13 : 4[b00000] -> 5[c00000] via P2P/IPC/read
azwus2f200000C6:75433:77783 [2] NCCL INFO Channel 17 : 2[300000] -> 3[400000] via P2P/IPC/read
azwus2f200000C6:75432:77785 [1] NCCL INFO Channel 14 : 1[200000] -> 2[300000] via P2P/IPC/read
azwus2f200000C6:75439:77781 [5] NCCL INFO Channel 15 : 5[c00000] -> 6[d00000] via P2P/IPC/read
azwus2f200000C6:75435:77786 [3] NCCL INFO Channel 16 : 3[400000] -> 4[b00000] via P2P/IPC/read
azwus2f200000C6:75443:77782 [7] NCCL INFO Channel 19 : 7[e00000] -> 0[100000] via P2P/IPC/read
azwus2f200000C6:75431:77780 [0] NCCL INFO Channel 15 : 0[100000] -> 1[200000] via P2P/IPC/read
azwus2f200000C6:75441:77787 [6] NCCL INFO Channel 15 : 6[d00000] -> 7[e00000] via P2P/IPC/read
azwus2f200000C6:75433:77783 [2] NCCL INFO Channel 18 : 2[300000] -> 3[400000] via P2P/IPC/read
azwus2f200000C6:75437:77784 [4] NCCL INFO Channel 14 : 4[b00000] -> 5[c00000] via P2P/IPC/read
azwus2f200000C6:75432:77785 [1] NCCL INFO Channel 15 : 1[200000] -> 2[300000] via P2P/IPC/read
azwus2f200000C6:75435:77786 [3] NCCL INFO Channel 17 : 3[400000] -> 4[b00000] via P2P/IPC/read
azwus2f200000C6:75439:77781 [5] NCCL INFO Channel 16 : 5[c00000] -> 6[d00000] via P2P/IPC/read
azwus2f200000C6:75443:77782 [7] NCCL INFO Channel 20 : 7[e00000] -> 0[100000] via P2P/IPC/read
azwus2f200000C6:75431:77780 [0] NCCL INFO Channel 16 : 0[100000] -> 1[200000] via P2P/IPC/read
azwus2f200000C6:75435:77786 [3] NCCL INFO Channel 18 : 3[400000] -> 4[b00000] via P2P/IPC/read
azwus2f200000C6:75439:77781 [5] NCCL INFO Channel 17 : 5[c00000] -> 6[d00000] via P2P/IPC/read
azwus2f200000C6:75441:77787 [6] NCCL INFO Channel 16 : 6[d00000] -> 7[e00000] via P2P/IPC/read
azwus2f200000C6:75437:77784 [4] NCCL INFO Channel 15 : 4[b00000] -> 5[c00000] via P2P/IPC/read
azwus2f200000C6:75443:77782 [7] NCCL INFO Channel 21 : 7[e00000] -> 0[100000] via P2P/IPC/read
azwus2f200000C6:75432:77785 [1] NCCL INFO Channel 16 : 1[200000] -> 2[300000] via P2P/IPC/read
azwus2f200000C6:75433:77783 [2] NCCL INFO Channel 19 : 2[300000] -> 3[400000] via P2P/IPC/read
azwus2f200000C6:75431:77780 [0] NCCL INFO Channel 17 : 0[100000] -> 1[200000] via P2P/IPC/read
azwus2f200000C6:75439:77781 [5] NCCL INFO Channel 18 : 5[c00000] -> 6[d00000] via P2P/IPC/read
azwus2f200000C6:75441:77787 [6] NCCL INFO Channel 17 : 6[d00000] -> 7[e00000] via P2P/IPC/read
azwus2f200000C6:75435:77786 [3] NCCL INFO Channel 19 : 3[400000] -> 4[b00000] via P2P/IPC/read
azwus2f200000C6:75431:77780 [0] NCCL INFO Channel 18 : 0[100000] -> 1[200000] via P2P/IPC/read
azwus2f200000C6:75441:77787 [6] NCCL INFO Channel 18 : 6[d00000] -> 7[e00000] via P2P/IPC/read
azwus2f200000C6:75439:77781 [5] NCCL INFO Channel 19 : 5[c00000] -> 6[d00000] via P2P/IPC/read
azwus2f200000C6:75437:77784 [4] NCCL INFO Channel 16 : 4[b00000] -> 5[c00000] via P2P/IPC/read
azwus2f200000C6:75443:77782 [7] NCCL INFO Channel 22 : 7[e00000] -> 0[100000] via P2P/IPC/read
azwus2f200000C6:75432:77785 [1] NCCL INFO Channel 17 : 1[200000] -> 2[300000] via P2P/IPC/read
azwus2f200000C6:75433:77783 [2] NCCL INFO Channel 20 : 2[300000] -> 3[400000] via P2P/IPC/read
azwus2f200000C6:75431:77780 [0] NCCL INFO Channel 19 : 0[100000] -> 1[200000] via P2P/IPC/read
azwus2f200000C6:75435:77786 [3] NCCL INFO Channel 20 : 3[400000] -> 4[b00000] via P2P/IPC/read
azwus2f200000C6:75437:77784 [4] NCCL INFO Channel 17 : 4[b00000] -> 5[c00000] via P2P/IPC/read
azwus2f200000C6:75441:77787 [6] NCCL INFO Channel 19 : 6[d00000] -> 7[e00000] via P2P/IPC/read
azwus2f200000C6:75439:77781 [5] NCCL INFO Channel 20 : 5[c00000] -> 6[d00000] via P2P/IPC/read
azwus2f200000C6:75432:77785 [1] NCCL INFO Channel 18 : 1[200000] -> 2[300000] via P2P/IPC/read
azwus2f200000C6:75433:77783 [2] NCCL INFO Channel 21 : 2[300000] -> 3[400000] via P2P/IPC/read
azwus2f200000C6:75443:77782 [7] NCCL INFO Channel 23 : 7[e00000] -> 0[100000] via P2P/IPC/read
azwus2f200000C6:75431:77780 [0] NCCL INFO Channel 20 : 0[100000] -> 1[200000] via P2P/IPC/read
azwus2f200000C6:75435:77786 [3] NCCL INFO Channel 21 : 3[400000] -> 4[b00000] via P2P/IPC/read
azwus2f200000C6:75437:77784 [4] NCCL INFO Channel 18 : 4[b00000] -> 5[c00000] via P2P/IPC/read
azwus2f200000C6:75441:77787 [6] NCCL INFO Channel 20 : 6[d00000] -> 7[e00000] via P2P/IPC/read
azwus2f200000C6:75439:77781 [5] NCCL INFO Channel 21 : 5[c00000] -> 6[d00000] via P2P/IPC/read
azwus2f200000C6:75433:77783 [2] NCCL INFO Channel 22 : 2[300000] -> 3[400000] via P2P/IPC/read
azwus2f200000C6:75432:77785 [1] NCCL INFO Channel 19 : 1[200000] -> 2[300000] via P2P/IPC/read
azwus2f200000C6:75431:77780 [0] NCCL INFO Channel 21 : 0[100000] -> 1[200000] via P2P/IPC/read
azwus2f200000C6:75435:77786 [3] NCCL INFO Channel 22 : 3[400000] -> 4[b00000] via P2P/IPC/read
azwus2f200000C6:75441:77787 [6] NCCL INFO Channel 21 : 6[d00000] -> 7[e00000] via P2P/IPC/read
azwus2f200000C6:75437:77784 [4] NCCL INFO Channel 19 : 4[b00000] -> 5[c00000] via P2P/IPC/read
azwus2f200000C6:75439:77781 [5] NCCL INFO Channel 22 : 5[c00000] -> 6[d00000] via P2P/IPC/read
azwus2f200000C6:75433:77783 [2] NCCL INFO Channel 23 : 2[300000] -> 3[400000] via P2P/IPC/read
azwus2f200000C6:75432:77785 [1] NCCL INFO Channel 20 : 1[200000] -> 2[300000] via P2P/IPC/read
azwus2f200000C6:75431:77780 [0] NCCL INFO Channel 22 : 0[100000] -> 1[200000] via P2P/IPC/read
azwus2f200000C6:75435:77786 [3] NCCL INFO Channel 23 : 3[400000] -> 4[b00000] via P2P/IPC/read
azwus2f200000C6:75441:77787 [6] NCCL INFO Channel 22 : 6[d00000] -> 7[e00000] via P2P/IPC/read
azwus2f200000C6:75432:77785 [1] NCCL INFO Channel 21 : 1[200000] -> 2[300000] via P2P/IPC/read
azwus2f200000C6:75439:77781 [5] NCCL INFO Channel 23 : 5[c00000] -> 6[d00000] via P2P/IPC/read
azwus2f200000C6:75437:77784 [4] NCCL INFO Channel 20 : 4[b00000] -> 5[c00000] via P2P/IPC/read
azwus2f200000C6:75431:77780 [0] NCCL INFO Channel 23 : 0[100000] -> 1[200000] via P2P/IPC/read
azwus2f200000C6:75441:77787 [6] NCCL INFO Channel 23 : 6[d00000] -> 7[e00000] via P2P/IPC/read
azwus2f200000C6:75432:77785 [1] NCCL INFO Channel 22 : 1[200000] -> 2[300000] via P2P/IPC/read
azwus2f200000C6:75437:77784 [4] NCCL INFO Channel 21 : 4[b00000] -> 5[c00000] via P2P/IPC/read
azwus2f200000C6:75432:77785 [1] NCCL INFO Channel 23 : 1[200000] -> 2[300000] via P2P/IPC/read
azwus2f200000C6:75437:77784 [4] NCCL INFO Channel 22 : 4[b00000] -> 5[c00000] via P2P/IPC/read
azwus2f200000C6:75437:77784 [4] NCCL INFO Channel 23 : 4[b00000] -> 5[c00000] via P2P/IPC/read
azwus2f200000C6:75441:77787 [6] NCCL INFO Connected all rings
azwus2f200000C6:75443:77782 [7] NCCL INFO Connected all rings
azwus2f200000C6:75443:77782 [7] NCCL INFO Channel 00 : 7[e00000] -> 6[d00000] via P2P/IPC/read
azwus2f200000C6:75443:77782 [7] NCCL INFO Channel 01 : 7[e00000] -> 6[d00000] via P2P/IPC/read
azwus2f200000C6:75443:77782 [7] NCCL INFO Channel 02 : 7[e00000] -> 6[d00000] via P2P/IPC/read
azwus2f200000C6:75443:77782 [7] NCCL INFO Channel 03 : 7[e00000] -> 6[d00000] via P2P/IPC/read
azwus2f200000C6:75443:77782 [7] NCCL INFO Channel 04 : 7[e00000] -> 6[d00000] via P2P/IPC/read
azwus2f200000C6:75431:77780 [0] NCCL INFO Connected all rings
azwus2f200000C6:75433:77783 [2] NCCL INFO Connected all rings
azwus2f200000C6:75432:77785 [1] NCCL INFO Connected all rings
azwus2f200000C6:75443:77782 [7] NCCL INFO Channel 05 : 7[e00000] -> 6[d00000] via P2P/IPC/read
azwus2f200000C6:75435:77786 [3] NCCL INFO Connected all rings
azwus2f200000C6:75437:77784 [4] NCCL INFO Connected all rings
azwus2f200000C6:75439:77781 [5] NCCL INFO Connected all rings
azwus2f200000C6:75443:77782 [7] NCCL INFO Channel 06 : 7[e00000] -> 6[d00000] via P2P/IPC/read
azwus2f200000C6:75443:77782 [7] NCCL INFO Channel 07 : 7[e00000] -> 6[d00000] via P2P/IPC/read
azwus2f200000C6:75443:77782 [7] NCCL INFO Channel 08 : 7[e00000] -> 6[d00000] via P2P/IPC/read
azwus2f200000C6:75443:77782 [7] NCCL INFO Channel 09 : 7[e00000] -> 6[d00000] via P2P/IPC/read
azwus2f200000C6:75443:77782 [7] NCCL INFO Channel 10 : 7[e00000] -> 6[d00000] via P2P/IPC/read
azwus2f200000C6:75443:77782 [7] NCCL INFO Channel 11 : 7[e00000] -> 6[d00000] via P2P/IPC/read
azwus2f200000C6:75443:77782 [7] NCCL INFO Channel 12 : 7[e00000] -> 6[d00000] via P2P/IPC/read
azwus2f200000C6:75443:77782 [7] NCCL INFO Channel 13 : 7[e00000] -> 6[d00000] via P2P/IPC/read
azwus2f200000C6:75441:77787 [6] NCCL INFO Channel 00 : 6[d00000] -> 5[c00000] via P2P/IPC/read
azwus2f200000C6:75443:77782 [7] NCCL INFO Channel 14 : 7[e00000] -> 6[d00000] via P2P/IPC/read
azwus2f200000C6:75441:77787 [6] NCCL INFO Channel 01 : 6[d00000] -> 5[c00000] via P2P/IPC/read
azwus2f200000C6:75443:77782 [7] NCCL INFO Channel 15 : 7[e00000] -> 6[d00000] via P2P/IPC/read
azwus2f200000C6:75441:77787 [6] NCCL INFO Channel 02 : 6[d00000] -> 5[c00000] via P2P/IPC/read
azwus2f200000C6:75432:77785 [1] NCCL INFO Channel 00 : 1[200000] -> 0[100000] via P2P/IPC/read
azwus2f200000C6:75433:77783 [2] NCCL INFO Channel 00 : 2[300000] -> 1[200000] via P2P/IPC/read
azwus2f200000C6:75443:77782 [7] NCCL INFO Channel 16 : 7[e00000] -> 6[d00000] via P2P/IPC/read
azwus2f200000C6:75441:77787 [6] NCCL INFO Channel 03 : 6[d00000] -> 5[c00000] via P2P/IPC/read
azwus2f200000C6:75435:77786 [3] NCCL INFO Channel 00 : 3[400000] -> 2[300000] via P2P/IPC/read
azwus2f200000C6:75437:77784 [4] NCCL INFO Channel 00 : 4[b00000] -> 3[400000] via P2P/IPC/read
azwus2f200000C6:75439:77781 [5] NCCL INFO Channel 00 : 5[c00000] -> 4[b00000] via P2P/IPC/read
azwus2f200000C6:75432:77785 [1] NCCL INFO Channel 01 : 1[200000] -> 0[100000] via P2P/IPC/read
azwus2f200000C6:75433:77783 [2] NCCL INFO Channel 01 : 2[300000] -> 1[200000] via P2P/IPC/read
azwus2f200000C6:75443:77782 [7] NCCL INFO Channel 17 : 7[e00000] -> 6[d00000] via P2P/IPC/read
azwus2f200000C6:75441:77787 [6] NCCL INFO Channel 04 : 6[d00000] -> 5[c00000] via P2P/IPC/read
azwus2f200000C6:75435:77786 [3] NCCL INFO Channel 01 : 3[400000] -> 2[300000] via P2P/IPC/read
azwus2f200000C6:75437:77784 [4] NCCL INFO Channel 01 : 4[b00000] -> 3[400000] via P2P/IPC/read
azwus2f200000C6:75439:77781 [5] NCCL INFO Channel 01 : 5[c00000] -> 4[b00000] via P2P/IPC/read
azwus2f200000C6:75432:77785 [1] NCCL INFO Channel 02 : 1[200000] -> 0[100000] via P2P/IPC/read
azwus2f200000C6:75433:77783 [2] NCCL INFO Channel 02 : 2[300000] -> 1[200000] via P2P/IPC/read
azwus2f200000C6:75443:77782 [7] NCCL INFO Channel 18 : 7[e00000] -> 6[d00000] via P2P/IPC/read
azwus2f200000C6:75441:77787 [6] NCCL INFO Channel 05 : 6[d00000] -> 5[c00000] via P2P/IPC/read
azwus2f200000C6:75435:77786 [3] NCCL INFO Channel 02 : 3[400000] -> 2[300000] via P2P/IPC/read
azwus2f200000C6:75437:77784 [4] NCCL INFO Channel 02 : 4[b00000] -> 3[400000] via P2P/IPC/read
azwus2f200000C6:75439:77781 [5] NCCL INFO Channel 02 : 5[c00000] -> 4[b00000] via P2P/IPC/read
azwus2f200000C6:75432:77785 [1] NCCL INFO Channel 03 : 1[200000] -> 0[100000] via P2P/IPC/read
azwus2f200000C6:75433:77783 [2] NCCL INFO Channel 03 : 2[300000] -> 1[200000] via P2P/IPC/read
azwus2f200000C6:75443:77782 [7] NCCL INFO Channel 19 : 7[e00000] -> 6[d00000] via P2P/IPC/read
azwus2f200000C6:75441:77787 [6] NCCL INFO Channel 06 : 6[d00000] -> 5[c00000] via P2P/IPC/read
azwus2f200000C6:75435:77786 [3] NCCL INFO Channel 03 : 3[400000] -> 2[300000] via P2P/IPC/read
azwus2f200000C6:75437:77784 [4] NCCL INFO Channel 03 : 4[b00000] -> 3[400000] via P2P/IPC/read
azwus2f200000C6:75439:77781 [5] NCCL INFO Channel 03 : 5[c00000] -> 4[b00000] via P2P/IPC/read
azwus2f200000C6:75432:77785 [1] NCCL INFO Channel 04 : 1[200000] -> 0[100000] via P2P/IPC/read
azwus2f200000C6:75433:77783 [2] NCCL INFO Channel 04 : 2[300000] -> 1[200000] via P2P/IPC/read
azwus2f200000C6:75443:77782 [7] NCCL INFO Channel 20 : 7[e00000] -> 6[d00000] via P2P/IPC/read
azwus2f200000C6:75441:77787 [6] NCCL INFO Channel 07 : 6[d00000] -> 5[c00000] via P2P/IPC/read
azwus2f200000C6:75435:77786 [3] NCCL INFO Channel 04 : 3[400000] -> 2[300000] via P2P/IPC/read
azwus2f200000C6:75437:77784 [4] NCCL INFO Channel 04 : 4[b00000] -> 3[400000] via P2P/IPC/read
azwus2f200000C6:75439:77781 [5] NCCL INFO Channel 04 : 5[c00000] -> 4[b00000] via P2P/IPC/read
azwus2f200000C6:75432:77785 [1] NCCL INFO Channel 05 : 1[200000] -> 0[100000] via P2P/IPC/read
azwus2f200000C6:75433:77783 [2] NCCL INFO Channel 05 : 2[300000] -> 1[200000] via P2P/IPC/read
azwus2f200000C6:75443:77782 [7] NCCL INFO Channel 21 : 7[e00000] -> 6[d00000] via P2P/IPC/read
azwus2f200000C6:75441:77787 [6] NCCL INFO Channel 08 : 6[d00000] -> 5[c00000] via P2P/IPC/read
azwus2f200000C6:75435:77786 [3] NCCL INFO Channel 05 : 3[400000] -> 2[300000] via P2P/IPC/read
azwus2f200000C6:75437:77784 [4] NCCL INFO Channel 05 : 4[b00000] -> 3[400000] via P2P/IPC/read
azwus2f200000C6:75439:77781 [5] NCCL INFO Channel 05 : 5[c00000] -> 4[b00000] via P2P/IPC/read
azwus2f200000C6:75432:77785 [1] NCCL INFO Channel 06 : 1[200000] -> 0[100000] via P2P/IPC/read
azwus2f200000C6:75433:77783 [2] NCCL INFO Channel 06 : 2[300000] -> 1[200000] via P2P/IPC/read
azwus2f200000C6:75443:77782 [7] NCCL INFO Channel 22 : 7[e00000] -> 6[d00000] via P2P/IPC/read
azwus2f200000C6:75441:77787 [6] NCCL INFO Channel 09 : 6[d00000] -> 5[c00000] via P2P/IPC/read
azwus2f200000C6:75435:77786 [3] NCCL INFO Channel 06 : 3[400000] -> 2[300000] via P2P/IPC/read
azwus2f200000C6:75437:77784 [4] NCCL INFO Channel 06 : 4[b00000] -> 3[400000] via P2P/IPC/read
azwus2f200000C6:75439:77781 [5] NCCL INFO Channel 06 : 5[c00000] -> 4[b00000] via P2P/IPC/read
azwus2f200000C6:75432:77785 [1] NCCL INFO Channel 07 : 1[200000] -> 0[100000] via P2P/IPC/read
azwus2f200000C6:75433:77783 [2] NCCL INFO Channel 07 : 2[300000] -> 1[200000] via P2P/IPC/read
azwus2f200000C6:75443:77782 [7] NCCL INFO Channel 23 : 7[e00000] -> 6[d00000] via P2P/IPC/read
azwus2f200000C6:75441:77787 [6] NCCL INFO Channel 10 : 6[d00000] -> 5[c00000] via P2P/IPC/read
azwus2f200000C6:75435:77786 [3] NCCL INFO Channel 07 : 3[400000] -> 2[300000] via P2P/IPC/read
azwus2f200000C6:75437:77784 [4] NCCL INFO Channel 07 : 4[b00000] -> 3[400000] via P2P/IPC/read
azwus2f200000C6:75439:77781 [5] NCCL INFO Channel 07 : 5[c00000] -> 4[b00000] via P2P/IPC/read
azwus2f200000C6:75432:77785 [1] NCCL INFO Channel 08 : 1[200000] -> 0[100000] via P2P/IPC/read
azwus2f200000C6:75433:77783 [2] NCCL INFO Channel 08 : 2[300000] -> 1[200000] via P2P/IPC/read
azwus2f200000C6:75441:77787 [6] NCCL INFO Channel 11 : 6[d00000] -> 5[c00000] via P2P/IPC/read
azwus2f200000C6:75435:77786 [3] NCCL INFO Channel 08 : 3[400000] -> 2[300000] via P2P/IPC/read
azwus2f200000C6:75437:77784 [4] NCCL INFO Channel 08 : 4[b00000] -> 3[400000] via P2P/IPC/read
azwus2f200000C6:75439:77781 [5] NCCL INFO Channel 08 : 5[c00000] -> 4[b00000] via P2P/IPC/read
azwus2f200000C6:75432:77785 [1] NCCL INFO Channel 09 : 1[200000] -> 0[100000] via P2P/IPC/read
azwus2f200000C6:75433:77783 [2] NCCL INFO Channel 09 : 2[300000] -> 1[200000] via P2P/IPC/read
azwus2f200000C6:75441:77787 [6] NCCL INFO Channel 12 : 6[d00000] -> 5[c00000] via P2P/IPC/read
azwus2f200000C6:75435:77786 [3] NCCL INFO Channel 09 : 3[400000] -> 2[300000] via P2P/IPC/read
azwus2f200000C6:75437:77784 [4] NCCL INFO Channel 09 : 4[b00000] -> 3[400000] via P2P/IPC/read
azwus2f200000C6:75439:77781 [5] NCCL INFO Channel 09 : 5[c00000] -> 4[b00000] via P2P/IPC/read
azwus2f200000C6:75432:77785 [1] NCCL INFO Channel 10 : 1[200000] -> 0[100000] via P2P/IPC/read
azwus2f200000C6:75433:77783 [2] NCCL INFO Channel 10 : 2[300000] -> 1[200000] via P2P/IPC/read
azwus2f200000C6:75435:77786 [3] NCCL INFO Channel 10 : 3[400000] -> 2[300000] via P2P/IPC/read
azwus2f200000C6:75441:77787 [6] NCCL INFO Channel 13 : 6[d00000] -> 5[c00000] via P2P/IPC/read
azwus2f200000C6:75437:77784 [4] NCCL INFO Channel 10 : 4[b00000] -> 3[400000] via P2P/IPC/read
azwus2f200000C6:75439:77781 [5] NCCL INFO Channel 10 : 5[c00000] -> 4[b00000] via P2P/IPC/read
azwus2f200000C6:75432:77785 [1] NCCL INFO Channel 11 : 1[200000] -> 0[100000] via P2P/IPC/read
azwus2f200000C6:75433:77783 [2] NCCL INFO Channel 11 : 2[300000] -> 1[200000] via P2P/IPC/read
azwus2f200000C6:75435:77786 [3] NCCL INFO Channel 11 : 3[400000] -> 2[300000] via P2P/IPC/read
azwus2f200000C6:75441:77787 [6] NCCL INFO Channel 14 : 6[d00000] -> 5[c00000] via P2P/IPC/read
azwus2f200000C6:75437:77784 [4] NCCL INFO Channel 11 : 4[b00000] -> 3[400000] via P2P/IPC/read
azwus2f200000C6:75439:77781 [5] NCCL INFO Channel 11 : 5[c00000] -> 4[b00000] via P2P/IPC/read
azwus2f200000C6:75432:77785 [1] NCCL INFO Channel 12 : 1[200000] -> 0[100000] via P2P/IPC/read
azwus2f200000C6:75433:77783 [2] NCCL INFO Channel 12 : 2[300000] -> 1[200000] via P2P/IPC/read
azwus2f200000C6:75435:77786 [3] NCCL INFO Channel 12 : 3[400000] -> 2[300000] via P2P/IPC/read
azwus2f200000C6:75441:77787 [6] NCCL INFO Channel 15 : 6[d00000] -> 5[c00000] via P2P/IPC/read
azwus2f200000C6:75437:77784 [4] NCCL INFO Channel 12 : 4[b00000] -> 3[400000] via P2P/IPC/read
azwus2f200000C6:75439:77781 [5] NCCL INFO Channel 12 : 5[c00000] -> 4[b00000] via P2P/IPC/read
azwus2f200000C6:75432:77785 [1] NCCL INFO Channel 13 : 1[200000] -> 0[100000] via P2P/IPC/read
azwus2f200000C6:75435:77786 [3] NCCL INFO Channel 13 : 3[400000] -> 2[300000] via P2P/IPC/read
azwus2f200000C6:75433:77783 [2] NCCL INFO Channel 13 : 2[300000] -> 1[200000] via P2P/IPC/read
azwus2f200000C6:75441:77787 [6] NCCL INFO Channel 16 : 6[d00000] -> 5[c00000] via P2P/IPC/read
azwus2f200000C6:75432:77785 [1] NCCL INFO Channel 14 : 1[200000] -> 0[100000] via P2P/IPC/read
azwus2f200000C6:75439:77781 [5] NCCL INFO Channel 13 : 5[c00000] -> 4[b00000] via P2P/IPC/read
azwus2f200000C6:75435:77786 [3] NCCL INFO Channel 14 : 3[400000] -> 2[300000] via P2P/IPC/read
azwus2f200000C6:75433:77783 [2] NCCL INFO Channel 14 : 2[300000] -> 1[200000] via P2P/IPC/read
azwus2f200000C6:75437:77784 [4] NCCL INFO Channel 13 : 4[b00000] -> 3[400000] via P2P/IPC/read
azwus2f200000C6:75441:77787 [6] NCCL INFO Channel 17 : 6[d00000] -> 5[c00000] via P2P/IPC/read
azwus2f200000C6:75432:77785 [1] NCCL INFO Channel 15 : 1[200000] -> 0[100000] via P2P/IPC/read
azwus2f200000C6:75439:77781 [5] NCCL INFO Channel 14 : 5[c00000] -> 4[b00000] via P2P/IPC/read
azwus2f200000C6:75435:77786 [3] NCCL INFO Channel 15 : 3[400000] -> 2[300000] via P2P/IPC/read
azwus2f200000C6:75433:77783 [2] NCCL INFO Channel 15 : 2[300000] -> 1[200000] via P2P/IPC/read
azwus2f200000C6:75437:77784 [4] NCCL INFO Channel 14 : 4[b00000] -> 3[400000] via P2P/IPC/read
azwus2f200000C6:75432:77785 [1] NCCL INFO Channel 16 : 1[200000] -> 0[100000] via P2P/IPC/read
azwus2f200000C6:75441:77787 [6] NCCL INFO Channel 18 : 6[d00000] -> 5[c00000] via P2P/IPC/read
azwus2f200000C6:75439:77781 [5] NCCL INFO Channel 15 : 5[c00000] -> 4[b00000] via P2P/IPC/read
azwus2f200000C6:75435:77786 [3] NCCL INFO Channel 16 : 3[400000] -> 2[300000] via P2P/IPC/read
azwus2f200000C6:75433:77783 [2] NCCL INFO Channel 16 : 2[300000] -> 1[200000] via P2P/IPC/read
azwus2f200000C6:75437:77784 [4] NCCL INFO Channel 15 : 4[b00000] -> 3[400000] via P2P/IPC/read
azwus2f200000C6:75432:77785 [1] NCCL INFO Channel 17 : 1[200000] -> 0[100000] via P2P/IPC/read
azwus2f200000C6:75441:77787 [6] NCCL INFO Channel 19 : 6[d00000] -> 5[c00000] via P2P/IPC/read
azwus2f200000C6:75439:77781 [5] NCCL INFO Channel 16 : 5[c00000] -> 4[b00000] via P2P/IPC/read
azwus2f200000C6:75435:77786 [3] NCCL INFO Channel 17 : 3[400000] -> 2[300000] via P2P/IPC/read
azwus2f200000C6:75433:77783 [2] NCCL INFO Channel 17 : 2[300000] -> 1[200000] via P2P/IPC/read
azwus2f200000C6:75437:77784 [4] NCCL INFO Channel 16 : 4[b00000] -> 3[400000] via P2P/IPC/read
azwus2f200000C6:75441:77787 [6] NCCL INFO Channel 20 : 6[d00000] -> 5[c00000] via P2P/IPC/read
azwus2f200000C6:75432:77785 [1] NCCL INFO Channel 18 : 1[200000] -> 0[100000] via P2P/IPC/read
azwus2f200000C6:75439:77781 [5] NCCL INFO Channel 17 : 5[c00000] -> 4[b00000] via P2P/IPC/read
azwus2f200000C6:75435:77786 [3] NCCL INFO Channel 18 : 3[400000] -> 2[300000] via P2P/IPC/read
azwus2f200000C6:75437:77784 [4] NCCL INFO Channel 17 : 4[b00000] -> 3[400000] via P2P/IPC/read
azwus2f200000C6:75433:77783 [2] NCCL INFO Channel 18 : 2[300000] -> 1[200000] via P2P/IPC/read
azwus2f200000C6:75432:77785 [1] NCCL INFO Channel 19 : 1[200000] -> 0[100000] via P2P/IPC/read
azwus2f200000C6:75441:77787 [6] NCCL INFO Channel 21 : 6[d00000] -> 5[c00000] via P2P/IPC/read
azwus2f200000C6:75439:77781 [5] NCCL INFO Channel 18 : 5[c00000] -> 4[b00000] via P2P/IPC/read
azwus2f200000C6:75435:77786 [3] NCCL INFO Channel 19 : 3[400000] -> 2[300000] via P2P/IPC/read
azwus2f200000C6:75433:77783 [2] NCCL INFO Channel 19 : 2[300000] -> 1[200000] via P2P/IPC/read
azwus2f200000C6:75437:77784 [4] NCCL INFO Channel 18 : 4[b00000] -> 3[400000] via P2P/IPC/read
azwus2f200000C6:75432:77785 [1] NCCL INFO Channel 20 : 1[200000] -> 0[100000] via P2P/IPC/read
azwus2f200000C6:75441:77787 [6] NCCL INFO Channel 22 : 6[d00000] -> 5[c00000] via P2P/IPC/read
azwus2f200000C6:75439:77781 [5] NCCL INFO Channel 19 : 5[c00000] -> 4[b00000] via P2P/IPC/read
azwus2f200000C6:75435:77786 [3] NCCL INFO Channel 20 : 3[400000] -> 2[300000] via P2P/IPC/read
azwus2f200000C6:75433:77783 [2] NCCL INFO Channel 20 : 2[300000] -> 1[200000] via P2P/IPC/read
azwus2f200000C6:75437:77784 [4] NCCL INFO Channel 19 : 4[b00000] -> 3[400000] via P2P/IPC/read
azwus2f200000C6:75432:77785 [1] NCCL INFO Channel 21 : 1[200000] -> 0[100000] via P2P/IPC/read
azwus2f200000C6:75439:77781 [5] NCCL INFO Channel 20 : 5[c00000] -> 4[b00000] via P2P/IPC/read
azwus2f200000C6:75435:77786 [3] NCCL INFO Channel 21 : 3[400000] -> 2[300000] via P2P/IPC/read
azwus2f200000C6:75441:77787 [6] NCCL INFO Channel 23 : 6[d00000] -> 5[c00000] via P2P/IPC/read
azwus2f200000C6:75433:77783 [2] NCCL INFO Channel 21 : 2[300000] -> 1[200000] via P2P/IPC/read
azwus2f200000C6:75437:77784 [4] NCCL INFO Channel 20 : 4[b00000] -> 3[400000] via P2P/IPC/read
azwus2f200000C6:75432:77785 [1] NCCL INFO Channel 22 : 1[200000] -> 0[100000] via P2P/IPC/read
azwus2f200000C6:75439:77781 [5] NCCL INFO Channel 21 : 5[c00000] -> 4[b00000] via P2P/IPC/read
azwus2f200000C6:75435:77786 [3] NCCL INFO Channel 22 : 3[400000] -> 2[300000] via P2P/IPC/read
azwus2f200000C6:75433:77783 [2] NCCL INFO Channel 22 : 2[300000] -> 1[200000] via P2P/IPC/read
azwus2f200000C6:75437:77784 [4] NCCL INFO Channel 21 : 4[b00000] -> 3[400000] via P2P/IPC/read
azwus2f200000C6:75432:77785 [1] NCCL INFO Channel 23 : 1[200000] -> 0[100000] via P2P/IPC/read
azwus2f200000C6:75439:77781 [5] NCCL INFO Channel 22 : 5[c00000] -> 4[b00000] via P2P/IPC/read
azwus2f200000C6:75435:77786 [3] NCCL INFO Channel 23 : 3[400000] -> 2[300000] via P2P/IPC/read
azwus2f200000C6:75437:77784 [4] NCCL INFO Channel 22 : 4[b00000] -> 3[400000] via P2P/IPC/read
azwus2f200000C6:75433:77783 [2] NCCL INFO Channel 23 : 2[300000] -> 1[200000] via P2P/IPC/read
azwus2f200000C6:75439:77781 [5] NCCL INFO Channel 23 : 5[c00000] -> 4[b00000] via P2P/IPC/read
azwus2f200000C6:75437:77784 [4] NCCL INFO Channel 23 : 4[b00000] -> 3[400000] via P2P/IPC/read
azwus2f200000C6:75443:77782 [7] NCCL INFO Connected all trees
azwus2f200000C6:75443:77782 [7] NCCL INFO threadThresholds 8/8/64 | 64/8/64 | 8/8/512
azwus2f200000C6:75431:77780 [0] NCCL INFO Connected all trees
azwus2f200000C6:75431:77780 [0] NCCL INFO threadThresholds 8/8/64 | 64/8/64 | 8/8/512
azwus2f200000C6:75443:77782 [7] NCCL INFO 24 coll channels, 32 p2p channels, 32 p2p channels per peer
azwus2f200000C6:75431:77780 [0] NCCL INFO 24 coll channels, 32 p2p channels, 32 p2p channels per peer
azwus2f200000C6:75432:77785 [1] NCCL INFO Connected all trees
azwus2f200000C6:75432:77785 [1] NCCL INFO threadThresholds 8/8/64 | 64/8/64 | 8/8/512
azwus2f200000C6:75433:77783 [2] NCCL INFO Connected all trees
azwus2f200000C6:75433:77783 [2] NCCL INFO threadThresholds 8/8/64 | 64/8/64 | 8/8/512
azwus2f200000C6:75441:77787 [6] NCCL INFO Connected all trees
azwus2f200000C6:75439:77781 [5] NCCL INFO Connected all trees
azwus2f200000C6:75435:77786 [3] NCCL INFO Connected all trees
azwus2f200000C6:75437:77784 [4] NCCL INFO Connected all trees
azwus2f200000C6:75441:77787 [6] NCCL INFO threadThresholds 8/8/64 | 64/8/64 | 8/8/512
azwus2f200000C6:75435:77786 [3] NCCL INFO threadThresholds 8/8/64 | 64/8/64 | 8/8/512
azwus2f200000C6:75439:77781 [5] NCCL INFO threadThresholds 8/8/64 | 64/8/64 | 8/8/512
azwus2f200000C6:75437:77784 [4] NCCL INFO threadThresholds 8/8/64 | 64/8/64 | 8/8/512
azwus2f200000C6:75433:77783 [2] NCCL INFO 24 coll channels, 32 p2p channels, 32 p2p channels per peer
azwus2f200000C6:75435:77786 [3] NCCL INFO 24 coll channels, 32 p2p channels, 32 p2p channels per peer
azwus2f200000C6:75441:77787 [6] NCCL INFO 24 coll channels, 32 p2p channels, 32 p2p channels per peer
azwus2f200000C6:75432:77785 [1] NCCL INFO 24 coll channels, 32 p2p channels, 32 p2p channels per peer
azwus2f200000C6:75437:77784 [4] NCCL INFO 24 coll channels, 32 p2p channels, 32 p2p channels per peer
azwus2f200000C6:75439:77781 [5] NCCL INFO 24 coll channels, 32 p2p channels, 32 p2p channels per peer
azwus2f200000C6:75439:77781 [5] NCCL INFO comm 0x7fd6f0002fb0 rank 5 nranks 8 cudaDev 5 busId c00000 - Init COMPLETE
azwus2f200000C6:75441:77787 [6] NCCL INFO comm 0x7f80b0002fb0 rank 6 nranks 8 cudaDev 6 busId d00000 - Init COMPLETE
azwus2f200000C6:75443:77782 [7] NCCL INFO comm 0x7f4fd8002fb0 rank 7 nranks 8 cudaDev 7 busId e00000 - Init COMPLETE
azwus2f200000C6:75431:77780 [0] NCCL INFO comm 0x7f3010002fb0 rank 0 nranks 8 cudaDev 0 busId 100000 - Init COMPLETE
azwus2f200000C6:75433:77783 [2] NCCL INFO comm 0x7f3c54002fb0 rank 2 nranks 8 cudaDev 2 busId 300000 - Init COMPLETE
azwus2f200000C6:75432:77785 [1] NCCL INFO comm 0x7fb70c002fb0 rank 1 nranks 8 cudaDev 1 busId 200000 - Init COMPLETE
azwus2f200000C6:75437:77784 [4] NCCL INFO comm 0x7f2114002fb0 rank 4 nranks 8 cudaDev 4 busId b00000 - Init COMPLETE
azwus2f200000C6:75435:77786 [3] NCCL INFO comm 0x7f8184002fb0 rank 3 nranks 8 cudaDev 3 busId 400000 - Init COMPLETE
azwus2f200000C6:75431:75431 [0] NCCL INFO Launch mode Parallel
[2022-10-29 01:40:46,463] [INFO] [logging.py:68:log_dist] [Rank 0] DeepSpeed Flops Profiler Enabled: False
[2022-10-29 01:40:46,464] [INFO] [logging.py:68:log_dist] [Rank 0] Removing param_group that has no 'params' in the client Optimizer
[2022-10-29 01:40:46,467] [INFO] [logging.py:68:log_dist] [Rank 0] Using client Optimizer as basic optimizer
[2022-10-29 01:40:46,474] [INFO] [logging.py:68:log_dist] [Rank 0] DeepSpeed Basic Optimizer = {basic_optimizer.__class__.__name__}
[2022-10-29 01:40:46,474] [INFO] [logging.py:68:log_dist] [Rank 0] Creating fp16 optimizer with dynamic loss scale
Using /home/xiaoxiawu/.cache/torch_extensions/py38_cu113 as PyTorch extensions root...
Using /home/xiaoxiawu/.cache/torch_extensions/py38_cu113 as PyTorch extensions root...
Using /home/xiaoxiawu/.cache/torch_extensions/py38_cu113 as PyTorch extensions root...Using /home/xiaoxiawu/.cache/torch_extensions/py38_cu113 as PyTorch extensions root...

Using /home/xiaoxiawu/.cache/torch_extensions/py38_cu113 as PyTorch extensions root...Using /home/xiaoxiawu/.cache/torch_extensions/py38_cu113 as PyTorch extensions root...

Using /home/xiaoxiawu/.cache/torch_extensions/py38_cu113 as PyTorch extensions root...
[2022-10-29 01:40:46,596] [INFO] [logging.py:68:log_dist] [Rank 0] DeepSpeed Final Optimizer = FusedAdam
[2022-10-29 01:40:46,596] [INFO] [logging.py:68:log_dist] [Rank 0] DeepSpeed using client LR scheduler
[2022-10-29 01:40:46,600] [INFO] [logging.py:68:log_dist] [Rank 0] DeepSpeed LR Scheduler = <megatron.learning_rates.AnnealingLR object at 0x7f3783915df0>
[2022-10-29 01:40:46,600] [INFO] [logging.py:68:log_dist] [Rank 0] step=0, skipped=0, lr=[0.0, 0.0], mom=[(0.9, 0.95), (0.9, 0.95)]
[2022-10-29 01:40:46,601] [INFO] [config.py:978:print] DeepSpeedEngine configuration:
[2022-10-29 01:40:46,604] [INFO] [config.py:982:print]   activation_checkpointing_config  {
    "partition_activations": false, 
    "contiguous_memory_optimization": false, 
    "cpu_checkpointing": false, 
    "number_checkpoints": null, 
    "synchronize_checkpoint_boundary": false, 
    "profile": false
}
[2022-10-29 01:40:46,607] [INFO] [config.py:982:print]   aio_config ................... {'block_size': 1048576, 'queue_depth': 8, 'thread_count': 1, 'single_submit': False, 'overlap_events': True}
[2022-10-29 01:40:46,607] [INFO] [config.py:982:print]   amp_enabled .................. False
[2022-10-29 01:40:46,607] [INFO] [config.py:982:print]   amp_params ................... False
[2022-10-29 01:40:46,608] [INFO] [config.py:982:print]   autotuning_config ............ {
    "enabled": false, 
    "start_step": null, 
    "end_step": null, 
    "metric_path": null, 
    "arg_mappings": null, 
    "metric": "throughput", 
    "model_info": null, 
    "results_dir": null, 
    "exps_dir": null, 
    "overwrite": true, 
    "fast": true, 
    "start_profile_step": 3, 
    "end_profile_step": 5, 
    "tuner_type": "gridsearch", 
    "tuner_early_stopping": 5, 
    "tuner_num_trials": 50, 
    "model_info_path": null, 
    "mp_size": 1, 
    "max_train_batch_size": null, 
    "min_train_batch_size": 1, 
    "max_train_micro_batch_size_per_gpu": 1.024000e+03, 
    "min_train_micro_batch_size_per_gpu": 1, 
    "num_tuning_micro_batch_sizes": 3
}
[2022-10-29 01:40:46,608] [INFO] [config.py:982:print]   bfloat16_enabled ............. False
[2022-10-29 01:40:46,608] [INFO] [config.py:982:print]   checkpoint_tag_validation_enabled  True
[2022-10-29 01:40:46,608] [INFO] [config.py:982:print]   checkpoint_tag_validation_fail  False
[2022-10-29 01:40:46,611] [INFO] [config.py:982:print]   comms_config ................. <deepspeed.comm.config.DeepSpeedCommsConfig object at 0x7f37839157f0>
[2022-10-29 01:40:46,611] [INFO] [config.py:982:print]   communication_data_type ...... None
[2022-10-29 01:40:46,611] [INFO] [config.py:982:print]   compression_config ........... {'weight_quantization': {'shared_parameters': {'enabled': False, 'quantizer_kernel': False, 'schedule_offset': 0, 'quantize_groups': 1, 'quantize_verbose': False, 'quantization_type': 'symmetric', 'quantize_weight_in_forward': False, 'rounding': 'nearest', 'fp16_mixed_quantize': False, 'quantize_change_ratio': 0.001}, 'different_groups': {}}, 'activation_quantization': {'shared_parameters': {'enabled': False, 'quantization_type': 'symmetric', 'range_calibration': 'dynamic', 'schedule_offset': 1000}, 'different_groups': {}}, 'sparse_pruning': {'shared_parameters': {'enabled': False, 'method': 'l1', 'schedule_offset': 1000}, 'different_groups': {}}, 'row_pruning': {'shared_parameters': {'enabled': False, 'method': 'l1', 'schedule_offset': 1000}, 'different_groups': {}}, 'head_pruning': {'shared_parameters': {'enabled': False, 'method': 'topk', 'schedule_offset': 1000}, 'different_groups': {}}, 'channel_pruning': {'shared_parameters': {'enabled': False, 'method': 'l1', 'schedule_offset': 1000}, 'different_groups': {}}, 'layer_reduction': {'enabled': False}}
[2022-10-29 01:40:46,611] [INFO] [config.py:982:print]   curriculum_enabled_legacy .... False
[2022-10-29 01:40:46,611] [INFO] [config.py:982:print]   curriculum_params_legacy ..... {'curriculum_type': 'seqlen', 'min_difficulty': 72, 'max_difficulty': 2048, 'schedule_type': 'fixed_linear', 'schedule_config': {'total_curriculum_step': 221108, 'difficulty_step': 8}}
[2022-10-29 01:40:46,611] [INFO] [config.py:982:print]   data_efficiency_config ....... {'enabled': False, 'seed': 1234, 'data_sampling': {'enabled': False, 'num_epochs': 1000, 'num_workers': 0, 'curriculum_learning': {'enabled': False}}}
[2022-10-29 01:40:46,611] [INFO] [config.py:982:print]   data_efficiency_enabled ...... False
[2022-10-29 01:40:46,611] [INFO] [config.py:982:print]   dataloader_drop_last ......... False
[2022-10-29 01:40:46,615] [INFO] [config.py:982:print]   disable_allgather ............ False
[2022-10-29 01:40:46,615] [INFO] [config.py:982:print]   dump_state ................... False
[2022-10-29 01:40:46,615] [INFO] [config.py:982:print]   dynamic_loss_scale_args ...... {'init_scale': 2048, 'scale_window': 500, 'delayed_shift': 2, 'min_scale': 1}
[2022-10-29 01:40:46,615] [INFO] [config.py:982:print]   dynamic_train_config ......... {'random_ltd': {'enabled': False}}
[2022-10-29 01:40:46,615] [INFO] [config.py:982:print]   eigenvalue_enabled ........... False
[2022-10-29 01:40:46,615] [INFO] [config.py:982:print]   eigenvalue_gas_boundary_resolution  1
[2022-10-29 01:40:46,615] [INFO] [config.py:982:print]   eigenvalue_layer_name ........ bert.encoder.layer
[2022-10-29 01:40:46,615] [INFO] [config.py:982:print]   eigenvalue_layer_num ......... 0
[2022-10-29 01:40:46,615] [INFO] [config.py:982:print]   eigenvalue_max_iter .......... 100
[2022-10-29 01:40:46,615] [INFO] [config.py:982:print]   eigenvalue_stability ......... 1e-06
[2022-10-29 01:40:46,615] [INFO] [config.py:982:print]   eigenvalue_tol ............... 0.01
[2022-10-29 01:40:46,615] [INFO] [config.py:982:print]   eigenvalue_verbose ........... False
[2022-10-29 01:40:46,616] [INFO] [config.py:982:print]   elasticity_enabled ........... False
[2022-10-29 01:40:46,616] [INFO] [config.py:982:print]   flops_profiler_config ........ {
    "enabled": false, 
    "profile_step": 1, 
